******************************************************************************
                  TI ARM Linker PC v5.0.4                      
******************************************************************************
>> Linked Mon Dec 30 03:47:31 2024

OUTPUT FILE NAME:   <uartled.out>
ENTRY POINT SYMBOL: "_c_int00"  address: 000008f9


MEMORY CONFIGURATION

         name            origin    length      used     unused   attr    fill
----------------------  --------  ---------  --------  --------  ----  --------
  FLASH                 00000000   00040000  00000b3c  0003f4c4  R  X
  SRAM                  20000000   00008000  00000128  00007ed8  RW X


SEGMENT ALLOCATION MAP

run origin  load origin   length   init length attrs members
----------  ----------- ---------- ----------- ----- -------
00000000    00000000    00000b40   00000b40    r-x
  00000000    00000000    0000026c   0000026c    r-- .intvecs
  0000026c    0000026c    00000890   00000890    r-x .text
  00000b00    00000b00    00000040   00000040    r-- .cinit
20000000    20000000    00000100   00000000    rw-
  20000000    20000000    00000100   00000000    rw- .stack
20000100    20000100    00000028   00000018    rw-
  20000100    20000100    00000018   00000018    rw- .data
  20000118    20000118    00000010   00000000    rw- .bss


SECTION ALLOCATION MAP

 output                                  attributes/
section   page    origin      length       input sections
--------  ----  ----------  ----------   ----------------
.intvecs   0    00000000    0000026c     
                  00000000    0000026c     startup_ccs.obj (.intvecs)

.init_array 
*          0    00000000    00000000     UNINITIALIZED

.text      0    0000026c    00000890     
                  0000026c    000000f4     rgb.obj (.text:RGBInit)
                  00000360    000000a8     rgb.obj (.text:RGBEnable)
                  00000408    000000a4     uartled.obj (.text:main)
                  000004ac    0000009c     rtsv7M4_T_le_v4SPD16_eabi.lib : memcpy_t2.obj (.text)
                  00000548    00000094                                   : auto_init.obj (.text)
                  000005dc    00000092     command.obj (.text:CommandExe)
                  0000066e    00000002     startup_ccs.obj (.text:FaultISR)
                  00000670    00000088     rgb.obj (.text:RGBColorSet)
                  000006f8    00000078     rtsv7M4_T_le_v4SPD16_eabi.lib : memset_t2.obj (.text)
                  00000770    0000006c     uartfuncs.obj (.text:ReadFrame)
                  000007dc    00000060     uartfuncs.obj (.text:SendPayload)
                  0000083c    0000005e     rtsv7M4_T_le_v4SPD16_eabi.lib : copy_decompress_rle.obj (.text)
                  0000089a    00000002     startup_ccs.obj (.text:IntDefaultHandler)
                  0000089c    0000005c     rgb.obj (.text:RGBDisable)
                  000008f8    00000048     rtsv7M4_T_le_v4SPD16_eabi.lib : boot.obj (.text)
                  00000940    00000044                                   : cpy_tbl.obj (.text)
                  00000984    00000040                                   : exit.obj (.text)
                  000009c4    00000034     rgb.obj (.text:RGBBlinkIntHandler)
                  000009f8    0000002a     uartfuncs.obj (.text:SendGetResponse)
                  00000a22    00000020     uartfuncs.obj (.text:SendSetResponse)
                  00000a42    00000002     startup_ccs.obj (.text:NmiSR)
                  00000a44    0000001c     rgb.obj (.text:RGBColorGet)
                  00000a60    0000001c     rgb.obj (.text:RGBSet)
                  00000a7c    00000018     rtsv7M4_T_le_v4SPD16_eabi.lib : args_main.obj (.text)
                  00000a94    00000014     rgb.obj (.text:RGBIntensitySet)
                  00000aa8    00000014     rtsv7M4_T_le_v4SPD16_eabi.lib : _lock.obj (.text)
                  00000abc    00000012                                   : copy_zero_init.obj (.text:decompress:ZI)
                  00000ace    0000000e                                   : copy_decompress_none.obj (.text:decompress:none)
                  00000adc    0000000a     driverlib.lib : uart.obj (.text:UARTCharGet)
                  00000ae6    0000000a                   : uart.obj (.text:UARTCharPut)
                  00000af0    00000006     startup_ccs.obj (.text:ResetISR)
                  00000af6    00000006     rtsv7M4_T_le_v4SPD16_eabi.lib : copy_decompress_rle.obj (.text:decompress:rle24)

.cinit     0    00000b00    00000040     
                  00000b00    00000016     (.cinit..data.load) [load image, compression = rle]
                  00000b16    00000002     --HOLE-- [fill = 0]
                  00000b18    0000000c     (__TI_handler_table)
                  00000b24    00000004     --HOLE-- [fill = 0]
                  00000b28    00000008     (.cinit..bss.load) [load image, compression = zero_init]
                  00000b30    00000010     (__TI_cinit_table)

.stack     0    20000000    00000100     UNINITIALIZED
                  20000000    00000100     --HOLE--

.data      0    20000100    00000018     
                  20000100    00000008     rtsv7M4_T_le_v4SPD16_eabi.lib : _lock.obj (.data)
                  20000108    00000008                                   : exit.obj (.data)
                  20000110    00000004     rgb.obj (.data)
                  20000114    00000004     rtsv7M4_T_le_v4SPD16_eabi.lib : stkdepth_vars.obj (.data)

.bss       0    20000118    00000010     UNINITIALIZED
                  20000118    00000010     rgb.obj (.bss)


LINKER GENERATED COPY TABLES

__TI_cinit_table @ 00000b30 records: 2, size/record: 8, table size: 16
	.data: load addr=00000b00, load size=00000016 bytes, run addr=20000100, run size=00000018 bytes, compression=rle
	.bss: load addr=00000b28, load size=00000008 bytes, run addr=20000118, run size=00000010 bytes, compression=zero_init


LINKER GENERATED HANDLER TABLE

__TI_handler_table @ 00000b18 records: 3, size/record: 4, table size: 12
	index: 0, handler: __TI_decompress_rle24
	index: 1, handler: __TI_decompress_none
	index: 2, handler: __TI_zero_init


GLOBAL SYMBOLS: SORTED ALPHABETICALLY BY Name 

address    name
--------   ----
00000985   C$$EXIT
000005dd   CommandExe
000009c5   RGBBlinkIntHandler
00000a45   RGBColorGet
00000671   RGBColorSet
0000089d   RGBDisable
00000361   RGBEnable
0000026d   RGBInit
00000a95   RGBIntensitySet
00000a61   RGBSet
00000771   ReadFrame
00000af1   ResetISR
UNDEFED    SHT$$INIT_ARRAY$$Base
UNDEFED    SHT$$INIT_ARRAY$$Limit
000009f9   SendGetResponse
000007dd   SendPayload
00000a23   SendSetResponse
00000add   UARTCharGet
00000ae7   UARTCharPut
20000100   __STACK_END
00000100   __STACK_SIZE
20000100   __STACK_TOP
00000b30   __TI_CINIT_Base
00000b40   __TI_CINIT_Limit
00000b18   __TI_Handler_Table_Base
00000b24   __TI_Handler_Table_Limit
00000001   __TI_args_main
00000549   __TI_auto_init
00000acf   __TI_decompress_none
00000af7   __TI_decompress_rle24
00000000   __TI_static_base__
00000abd   __TI_zero_init
000006f9   __aeabi_memclr
000006f9   __aeabi_memclr4
000006f9   __aeabi_memclr8
000004ad   __aeabi_memcpy
000004ad   __aeabi_memcpy4
000004ad   __aeabi_memcpy8
000006fb   __aeabi_memset
000006fb   __aeabi_memset4
000006fb   __aeabi_memset8
ffffffff   __binit__
ffffffff   __c_args__
20000000   __stack
00000a7d   _args_main
000008f9   _c_int00
20000108   _cleanup_ptr
2000010c   _dtors_ptr
20000100   _lock
00000ab7   _nop
00000aaf   _register_lock
00000aa9   _register_unlock
20000104   _unlock
00000989   abort
ffffffff   binit
00000941   copy_in
00000991   exit
00000000   g_pfnVectors
00000409   main
20000114   main_func_sp
000004ad   memcpy
00000701   memset


GLOBAL SYMBOLS: SORTED BY Symbol Address 

address    name
--------   ----
00000000   __TI_static_base__
00000000   g_pfnVectors
00000001   __TI_args_main
00000100   __STACK_SIZE
0000026d   RGBInit
00000361   RGBEnable
00000409   main
000004ad   __aeabi_memcpy
000004ad   __aeabi_memcpy4
000004ad   __aeabi_memcpy8
000004ad   memcpy
00000549   __TI_auto_init
000005dd   CommandExe
00000671   RGBColorSet
000006f9   __aeabi_memclr
000006f9   __aeabi_memclr4
000006f9   __aeabi_memclr8
000006fb   __aeabi_memset
000006fb   __aeabi_memset4
000006fb   __aeabi_memset8
00000701   memset
00000771   ReadFrame
000007dd   SendPayload
0000089d   RGBDisable
000008f9   _c_int00
00000941   copy_in
00000985   C$$EXIT
00000989   abort
00000991   exit
000009c5   RGBBlinkIntHandler
000009f9   SendGetResponse
00000a23   SendSetResponse
00000a45   RGBColorGet
00000a61   RGBSet
00000a7d   _args_main
00000a95   RGBIntensitySet
00000aa9   _register_unlock
00000aaf   _register_lock
00000ab7   _nop
00000abd   __TI_zero_init
00000acf   __TI_decompress_none
00000add   UARTCharGet
00000ae7   UARTCharPut
00000af1   ResetISR
00000af7   __TI_decompress_rle24
00000b18   __TI_Handler_Table_Base
00000b24   __TI_Handler_Table_Limit
00000b30   __TI_CINIT_Base
00000b40   __TI_CINIT_Limit
20000000   __stack
20000100   __STACK_END
20000100   __STACK_TOP
20000100   _lock
20000104   _unlock
20000108   _cleanup_ptr
2000010c   _dtors_ptr
20000114   main_func_sp
ffffffff   __binit__
ffffffff   __c_args__
ffffffff   binit
UNDEFED    SHT$$INIT_ARRAY$$Base
UNDEFED    SHT$$INIT_ARRAY$$Limit

[62 symbols]
